
*** lid-rs-macros/src/expand.rs:181:5: replace ensure_plain_path -> syn::Result<()> with Ok(())

*** mutation diff:
--- lid-rs-macros/src/expand.rs
+++ replace ensure_plain_path -> syn::Result<()> with Ok(())
@@ -173,23 +173,17 @@
         ));
     }
     paths.iter().try_for_each(ensure_plain_path)?;
     Ok(paths.into_iter().collect())
 }
 
 /// Rejects path segments carrying generic arguments.
 fn ensure_plain_path(path: &Path) -> syn::Result<()> {
-    if path.segments.iter().any(|s| !s.arguments.is_none()) {
-        return Err(syn::Error::new_spanned(
-            path,
-            "lid-rs: spec paths are plain paths — a claim type takes no generic arguments",
-        ));
-    }
-    Ok(())
+    Ok(()) /* ~ changed by cargo-mutants ~ */
 }
 
 /// Renders a path for the doc line, joining segments the way it was written.
 fn render_path(path: &Path) -> String {
     let joined = path
         .segments
         .iter()
         .map(|s| s.ident.to_string())


*** /Users/brad/.rustup/toolchains/1.97.1-aarch64-apple-darwin/bin/cargo test --no-run --verbose --workspace
       Fresh unicode-ident v1.0.24
       Fresh memchr v2.8.3
       Fresh itoa v1.0.18
       Fresh winnow v1.0.4
       Fresh proc-macro2 v1.0.107
       Fresh toml_parser v1.1.3+spec-1.1.0
       Fresh toml_writer v1.1.2+spec-1.1.0
       Fresh quote v1.0.47
       Fresh serde_core v1.0.229
       Fresh zmij v1.0.23
       Fresh termcolor v1.4.1
       Fresh glob v0.3.4
       Fresh syn v3.0.4
       Fresh syn v2.0.119
       Fresh serde_json v1.0.151
       Fresh serde_spanned v1.1.1
       Fresh toml_datetime v1.1.1+spec-1.1.0
       Fresh target-triple v1.0.1
       Fresh serde v1.0.229
       Dirty lid-rs-macros v0.1.0 (/private/var/folders/82/r8klt12x7pq297ctrkkx3s200000gn/T/cargo-mutants-lid-rs-5pmirU.tmp/lid-rs-macros): the file `lid-rs-macros/src/expand.rs` has changed (1787755171.300688823s, 5s after last build at 1787755166.885500038s)
   Compiling lid-rs-macros v0.1.0 (/private/var/folders/82/r8klt12x7pq297ctrkkx3s200000gn/T/cargo-mutants-lid-rs-5pmirU.tmp/lid-rs-macros)
       Fresh linkme-impl v0.3.37
       Fresh toml v1.1.4+spec-1.1.0
       Fresh serde_derive v1.0.229
     Running `/Users/brad/.rustup/toolchains/1.97.1-aarch64-apple-darwin/bin/rustc --crate-name lid_rs_macros --edition=2024 lid-rs-macros/src/lib.rs --error-format=json --json=diagnostic-rendered-ansi,artifacts,future-incompat --crate-type proc-macro --emit=dep-info,link -C prefer-dynamic -C embed-bitcode=no '--deny=clippy::wildcard_enum_match_arm' '--warn=clippy::too_many_lines' '--warn=clippy::missing_docs_in_private_items' --deny=missing_docs '--warn=clippy::fn_params_excessive_bools' '--warn=clippy::cognitive_complexity' '--deny=rustdoc::broken_intra_doc_links' --check-cfg 'cfg(docsrs,test)' --check-cfg 'cfg(feature, values())' -C metadata=74898d38ec80e945 -C extra-filename=-ece238cbc562aff6 --out-dir /private/var/folders/82/r8klt12x7pq297ctrkkx3s200000gn/T/cargo-mutants-lid-rs-5pmirU.tmp/target/debug/deps -C incremental=/private/var/folders/82/r8klt12x7pq297ctrkkx3s200000gn/T/cargo-mutants-lid-rs-5pmirU.tmp/target/debug/incremental -L dependency=/private/var/folders/82/r8klt12x7pq297ctrkkx3s200000gn/T/cargo-mutants-lid-rs-5pmirU.tmp/target/debug/deps --extern proc_macro2=/private/var/folders/82/r8klt12x7pq297ctrkkx3s200000gn/T/cargo-mutants-lid-rs-5pmirU.tmp/target/debug/deps/libproc_macro2-55815e1867ec6ee3.rlib --extern quote=/private/var/folders/82/r8klt12x7pq297ctrkkx3s200000gn/T/cargo-mutants-lid-rs-5pmirU.tmp/target/debug/deps/libquote-04564932a2509d90.rlib --extern syn=/private/var/folders/82/r8klt12x7pq297ctrkkx3s200000gn/T/cargo-mutants-lid-rs-5pmirU.tmp/target/debug/deps/libsyn-2216c29f0adb985f.rlib --extern proc_macro`
       Fresh linkme v0.3.37
       Fresh trybuild v1.0.120
     Running `/Users/brad/.rustup/toolchains/1.97.1-aarch64-apple-darwin/bin/rustc --crate-name lid_rs_macros --edition=2024 lid-rs-macros/src/lib.rs --error-format=json --json=diagnostic-rendered-ansi,artifacts,future-incompat --emit=dep-info,link -C prefer-dynamic -C embed-bitcode=no -C debuginfo=2 -C split-debuginfo=unpacked '--deny=clippy::wildcard_enum_match_arm' '--warn=clippy::too_many_lines' '--warn=clippy::missing_docs_in_private_items' --deny=missing_docs '--warn=clippy::fn_params_excessive_bools' '--warn=clippy::cognitive_complexity' '--deny=rustdoc::broken_intra_doc_links' --test --check-cfg 'cfg(docsrs,test)' --check-cfg 'cfg(feature, values())' -C metadata=5b2261e8bdcdfbf8 -C extra-filename=-4e5ca9de44791b17 --out-dir /private/var/folders/82/r8klt12x7pq297ctrkkx3s200000gn/T/cargo-mutants-lid-rs-5pmirU.tmp/target/debug/deps -C incremental=/private/var/folders/82/r8klt12x7pq297ctrkkx3s200000gn/T/cargo-mutants-lid-rs-5pmirU.tmp/target/debug/incremental -L dependency=/private/var/folders/82/r8klt12x7pq297ctrkkx3s200000gn/T/cargo-mutants-lid-rs-5pmirU.tmp/target/debug/deps --extern proc_macro2=/private/var/folders/82/r8klt12x7pq297ctrkkx3s200000gn/T/cargo-mutants-lid-rs-5pmirU.tmp/target/debug/deps/libproc_macro2-55815e1867ec6ee3.rlib --extern quote=/private/var/folders/82/r8klt12x7pq297ctrkkx3s200000gn/T/cargo-mutants-lid-rs-5pmirU.tmp/target/debug/deps/libquote-04564932a2509d90.rlib --extern syn=/private/var/folders/82/r8klt12x7pq297ctrkkx3s200000gn/T/cargo-mutants-lid-rs-5pmirU.tmp/target/debug/deps/libsyn-2216c29f0adb985f.rlib --extern proc_macro`
warning: unused variable: `path`
   --> lid-rs-macros/src/expand.rs:180:22
    |
180 | fn ensure_plain_path(path: &Path) -> syn::Result<()> {
    |                      ^^^^ help: if this is intentional, prefix it with an underscore: `_path`
    |
    = note: `#[warn(unused_variables)]` (part of `#[warn(unused)]`) on by default

warning: `lid-rs-macros` (lib test) generated 1 warning (run `cargo fix --lib -p lid-rs-macros --tests` to apply 1 suggestion)
warning: `lid-rs-macros` (lib) generated 1 warning (1 duplicate)
       Dirty lid-rs v0.1.0 (/private/var/folders/82/r8klt12x7pq297ctrkkx3s200000gn/T/cargo-mutants-lid-rs-5pmirU.tmp/lid-rs): the dependency `lid-rs-macros` was rebuilt
   Compiling lid-rs v0.1.0 (/private/var/folders/82/r8klt12x7pq297ctrkkx3s200000gn/T/cargo-mutants-lid-rs-5pmirU.tmp/lid-rs)
     Running `/Users/brad/.rustup/toolchains/1.97.1-aarch64-apple-darwin/bin/rustc --crate-name lid_rs --edition=2024 lid-rs/src/lib.rs --error-format=json --json=diagnostic-rendered-ansi,artifacts,future-incompat --emit=dep-info,link -C embed-bitcode=no -C debuginfo=2 -C split-debuginfo=unpacked '--deny=clippy::wildcard_enum_match_arm' '--warn=clippy::too_many_lines' '--warn=clippy::missing_docs_in_private_items' --deny=missing_docs '--warn=clippy::fn_params_excessive_bools' '--warn=clippy::cognitive_complexity' '--deny=rustdoc::broken_intra_doc_links' --test --check-cfg 'cfg(docsrs,test)' --check-cfg 'cfg(feature, values())' -C metadata=f704d46ced34e721 -C extra-filename=-28dee811c81057c8 --out-dir /private/var/folders/82/r8klt12x7pq297ctrkkx3s200000gn/T/cargo-mutants-lid-rs-5pmirU.tmp/target/debug/deps -C incremental=/private/var/folders/82/r8klt12x7pq297ctrkkx3s200000gn/T/cargo-mutants-lid-rs-5pmirU.tmp/target/debug/incremental -L dependency=/private/var/folders/82/r8klt12x7pq297ctrkkx3s200000gn/T/cargo-mutants-lid-rs-5pmirU.tmp/target/debug/deps --extern lid_rs_macros=/private/var/folders/82/r8klt12x7pq297ctrkkx3s200000gn/T/cargo-mutants-lid-rs-5pmirU.tmp/target/debug/deps/liblid_rs_macros-ece238cbc562aff6.dylib --extern linkme=/private/var/folders/82/r8klt12x7pq297ctrkkx3s200000gn/T/cargo-mutants-lid-rs-5pmirU.tmp/target/debug/deps/liblinkme-bfa2ed6f49607869.rlib --extern trybuild=/private/var/folders/82/r8klt12x7pq297ctrkkx3s200000gn/T/cargo-mutants-lid-rs-5pmirU.tmp/target/debug/deps/libtrybuild-8c37eb6e1df75497.rlib`
     Running `/Users/brad/.rustup/toolchains/1.97.1-aarch64-apple-darwin/bin/rustc --crate-name lid_rs --edition=2024 lid-rs/src/lib.rs --error-format=json --json=diagnostic-rendered-ansi,artifacts,future-incompat --crate-type lib --emit=dep-info,metadata,link -C embed-bitcode=no -C debuginfo=2 -C split-debuginfo=unpacked '--deny=clippy::wildcard_enum_match_arm' '--warn=clippy::too_many_lines' '--warn=clippy::missing_docs_in_private_items' --deny=missing_docs '--warn=clippy::fn_params_excessive_bools' '--warn=clippy::cognitive_complexity' '--deny=rustdoc::broken_intra_doc_links' --check-cfg 'cfg(docsrs,test)' --check-cfg 'cfg(feature, values())' -C metadata=a81a2c340eec1845 -C extra-filename=-578ebb2965769b45 --out-dir /private/var/folders/82/r8klt12x7pq297ctrkkx3s200000gn/T/cargo-mutants-lid-rs-5pmirU.tmp/target/debug/deps -C incremental=/private/var/folders/82/r8klt12x7pq297ctrkkx3s200000gn/T/cargo-mutants-lid-rs-5pmirU.tmp/target/debug/incremental -L dependency=/private/var/folders/82/r8klt12x7pq297ctrkkx3s200000gn/T/cargo-mutants-lid-rs-5pmirU.tmp/target/debug/deps --extern lid_rs_macros=/private/var/folders/82/r8klt12x7pq297ctrkkx3s200000gn/T/cargo-mutants-lid-rs-5pmirU.tmp/target/debug/deps/liblid_rs_macros-ece238cbc562aff6.dylib --extern linkme=/private/var/folders/82/r8klt12x7pq297ctrkkx3s200000gn/T/cargo-mutants-lid-rs-5pmirU.tmp/target/debug/deps/liblinkme-bfa2ed6f49607869.rmeta`
       Dirty xtask v0.1.0 (/private/var/folders/82/r8klt12x7pq297ctrkkx3s200000gn/T/cargo-mutants-lid-rs-5pmirU.tmp/xtask): the dependency `lid-rs` was rebuilt
   Compiling xtask v0.1.0 (/private/var/folders/82/r8klt12x7pq297ctrkkx3s200000gn/T/cargo-mutants-lid-rs-5pmirU.tmp/xtask)
     Running `/Users/brad/.rustup/toolchains/1.97.1-aarch64-apple-darwin/bin/rustc --crate-name xtask --edition=2024 xtask/src/lib.rs --error-format=json --json=diagnostic-rendered-ansi,artifacts,future-incompat --crate-type lib --emit=dep-info,metadata,link -C embed-bitcode=no -C debuginfo=2 -C split-debuginfo=unpacked '--deny=clippy::wildcard_enum_match_arm' '--warn=clippy::too_many_lines' '--warn=clippy::missing_docs_in_private_items' --deny=missing_docs '--warn=clippy::fn_params_excessive_bools' '--warn=clippy::cognitive_complexity' '--deny=rustdoc::broken_intra_doc_links' --check-cfg 'cfg(docsrs,test)' --check-cfg 'cfg(feature, values())' -C metadata=f425ae6587a18ecd -C extra-filename=-ccbed06627f4c046 --out-dir /private/var/folders/82/r8klt12x7pq297ctrkkx3s200000gn/T/cargo-mutants-lid-rs-5pmirU.tmp/target/debug/deps -C incremental=/private/var/folders/82/r8klt12x7pq297ctrkkx3s200000gn/T/cargo-mutants-lid-rs-5pmirU.tmp/target/debug/incremental -L dependency=/private/var/folders/82/r8klt12x7pq297ctrkkx3s200000gn/T/cargo-mutants-lid-rs-5pmirU.tmp/target/debug/deps --extern lid_rs=/private/var/folders/82/r8klt12x7pq297ctrkkx3s200000gn/T/cargo-mutants-lid-rs-5pmirU.tmp/target/debug/deps/liblid_rs-578ebb2965769b45.rmeta --extern serde_json=/private/var/folders/82/r8klt12x7pq297ctrkkx3s200000gn/T/cargo-mutants-lid-rs-5pmirU.tmp/target/debug/deps/libserde_json-a76f3ad13fee6024.rmeta`
     Running `/Users/brad/.rustup/toolchains/1.97.1-aarch64-apple-darwin/bin/rustc --crate-name xtask --edition=2024 xtask/src/lib.rs --error-format=json --json=diagnostic-rendered-ansi,artifacts,future-incompat --emit=dep-info,link -C embed-bitcode=no -C debuginfo=2 -C split-debuginfo=unpacked '--deny=clippy::wildcard_enum_match_arm' '--warn=clippy::too_many_lines' '--warn=clippy::missing_docs_in_private_items' --deny=missing_docs '--warn=clippy::fn_params_excessive_bools' '--warn=clippy::cognitive_complexity' '--deny=rustdoc::broken_intra_doc_links' --test --check-cfg 'cfg(docsrs,test)' --check-cfg 'cfg(feature, values())' -C metadata=16f74a64ce124088 -C extra-filename=-3023bfb6c92020e3 --out-dir /private/var/folders/82/r8klt12x7pq297ctrkkx3s200000gn/T/cargo-mutants-lid-rs-5pmirU.tmp/target/debug/deps -C incremental=/private/var/folders/82/r8klt12x7pq297ctrkkx3s200000gn/T/cargo-mutants-lid-rs-5pmirU.tmp/target/debug/incremental -L dependency=/private/var/folders/82/r8klt12x7pq297ctrkkx3s200000gn/T/cargo-mutants-lid-rs-5pmirU.tmp/target/debug/deps --extern lid_rs=/private/var/folders/82/r8klt12x7pq297ctrkkx3s200000gn/T/cargo-mutants-lid-rs-5pmirU.tmp/target/debug/deps/liblid_rs-578ebb2965769b45.rlib --extern serde_json=/private/var/folders/82/r8klt12x7pq297ctrkkx3s200000gn/T/cargo-mutants-lid-rs-5pmirU.tmp/target/debug/deps/libserde_json-a76f3ad13fee6024.rlib`
     Running `/Users/brad/.rustup/toolchains/1.97.1-aarch64-apple-darwin/bin/rustc --crate-name xtask --edition=2024 xtask/src/main.rs --error-format=json --json=diagnostic-rendered-ansi,artifacts,future-incompat --emit=dep-info,link -C embed-bitcode=no -C debuginfo=2 -C split-debuginfo=unpacked '--deny=clippy::wildcard_enum_match_arm' '--warn=clippy::too_many_lines' '--warn=clippy::missing_docs_in_private_items' --deny=missing_docs '--warn=clippy::fn_params_excessive_bools' '--warn=clippy::cognitive_complexity' '--deny=rustdoc::broken_intra_doc_links' --test --check-cfg 'cfg(docsrs,test)' --check-cfg 'cfg(feature, values())' -C metadata=4aeab101559d3416 -C extra-filename=-d235d701d245ea95 --out-dir /private/var/folders/82/r8klt12x7pq297ctrkkx3s200000gn/T/cargo-mutants-lid-rs-5pmirU.tmp/target/debug/deps -C incremental=/private/var/folders/82/r8klt12x7pq297ctrkkx3s200000gn/T/cargo-mutants-lid-rs-5pmirU.tmp/target/debug/incremental -L dependency=/private/var/folders/82/r8klt12x7pq297ctrkkx3s200000gn/T/cargo-mutants-lid-rs-5pmirU.tmp/target/debug/deps --extern lid_rs=/private/var/folders/82/r8klt12x7pq297ctrkkx3s200000gn/T/cargo-mutants-lid-rs-5pmirU.tmp/target/debug/deps/liblid_rs-578ebb2965769b45.rlib --extern serde_json=/private/var/folders/82/r8klt12x7pq297ctrkkx3s200000gn/T/cargo-mutants-lid-rs-5pmirU.tmp/target/debug/deps/libserde_json-a76f3ad13fee6024.rlib --extern xtask=/private/var/folders/82/r8klt12x7pq297ctrkkx3s200000gn/T/cargo-mutants-lid-rs-5pmirU.tmp/target/debug/deps/libxtask-ccbed06627f4c046.rlib`
    Finished `test` profile [unoptimized + debuginfo] target(s) in 0.67s
  Executable `/private/var/folders/82/r8klt12x7pq297ctrkkx3s200000gn/T/cargo-mutants-lid-rs-5pmirU.tmp/target/debug/deps/lid_rs-28dee811c81057c8`
  Executable `/private/var/folders/82/r8klt12x7pq297ctrkkx3s200000gn/T/cargo-mutants-lid-rs-5pmirU.tmp/target/debug/deps/lid_rs_macros-4e5ca9de44791b17`
  Executable `/private/var/folders/82/r8klt12x7pq297ctrkkx3s200000gn/T/cargo-mutants-lid-rs-5pmirU.tmp/target/debug/deps/xtask-3023bfb6c92020e3`
  Executable `/private/var/folders/82/r8klt12x7pq297ctrkkx3s200000gn/T/cargo-mutants-lid-rs-5pmirU.tmp/target/debug/deps/xtask-d235d701d245ea95`

*** result: Success

*** /Users/brad/.rustup/toolchains/1.97.1-aarch64-apple-darwin/bin/cargo test --verbose --workspace
       Fresh unicode-ident v1.0.24
       Fresh memchr v2.8.3
       Fresh itoa v1.0.18
       Fresh winnow v1.0.4
       Fresh proc-macro2 v1.0.107
       Fresh toml_parser v1.1.3+spec-1.1.0
       Fresh toml_writer v1.1.2+spec-1.1.0
       Fresh quote v1.0.47
       Fresh serde_core v1.0.229
       Fresh zmij v1.0.23
       Fresh glob v0.3.4
       Fresh termcolor v1.4.1
       Fresh syn v3.0.4
       Fresh syn v2.0.119
       Fresh serde_json v1.0.151
       Fresh serde_spanned v1.1.1
       Fresh toml_datetime v1.1.1+spec-1.1.0
       Fresh serde v1.0.229
       Fresh target-triple v1.0.1
       Fresh linkme-impl v0.3.37
warning: unused variable: `path`
   --> lid-rs-macros/src/expand.rs:180:22
    |
180 | fn ensure_plain_path(path: &Path) -> syn::Result<()> {
    |                      ^^^^ help: if this is intentional, prefix it with an underscore: `_path`
    |
    = note: `#[warn(unused_variables)]` (part of `#[warn(unused)]`) on by default

       Fresh serde_derive v1.0.229
       Fresh toml v1.1.4+spec-1.1.0
warning: `lid-rs-macros` (lib) generated 1 warning (run `cargo fix --lib -p lid-rs-macros` to apply 1 suggestion)
warning: `lid-rs-macros` (lib test) generated 1 warning (1 duplicate)
       Fresh linkme v0.3.37
       Fresh trybuild v1.0.120
       Fresh lid-rs-macros v0.1.0 (/private/var/folders/82/r8klt12x7pq297ctrkkx3s200000gn/T/cargo-mutants-lid-rs-5pmirU.tmp/lid-rs-macros)
       Fresh lid-rs v0.1.0 (/private/var/folders/82/r8klt12x7pq297ctrkkx3s200000gn/T/cargo-mutants-lid-rs-5pmirU.tmp/lid-rs)
       Fresh xtask v0.1.0 (/private/var/folders/82/r8klt12x7pq297ctrkkx3s200000gn/T/cargo-mutants-lid-rs-5pmirU.tmp/xtask)
    Finished `test` profile [unoptimized + debuginfo] target(s) in 0.01s
     Running `/private/var/folders/82/r8klt12x7pq297ctrkkx3s200000gn/T/cargo-mutants-lid-rs-5pmirU.tmp/target/debug/deps/lid_rs-28dee811c81057c8`

running 18 tests
test canary::tests::linked_registrations_are_enumerable ... ok
test graph::tests::graph_checks_require_the_present_canary ... ok
test canary::tests::canary_detects_a_stripped_registry ... ok
test canary::tests::canary_confirms_registry_presence ... ok
test graph::tests::covered_graphs_pass_the_graph_check ... ok
test intent_graph::every_spec_has_an_implementer ... ok
test intent_graph::every_spec_has_a_validation ... ok
test graph::tests::graph_checks_scope_to_the_current_crate ... ok
test graph::tests::unvalidated_specs_fail_the_graph_check ... ok
test graph::tests::uncited_specs_fail_the_graph_check ... ok
test intent_graph::registry_is_populated ... ok
test intent_graph::registry_dump_for_tooling ... ok
test spec::tests::derived_specs_carry_their_definition_path ... ok
test spec::tests::derived_specs_register_into_specs ... ok
test spec::tests::implements_citations_register_edges ... ok
test spec::tests::module_citations_trace_by_containment ... ok
test spec::tests::validates_citations_register_edges ... ok
   Compiling lid-rs-macros v0.1.0 (/private/var/folders/82/r8klt12x7pq297ctrkkx3s200000gn/T/cargo-mutants-lid-rs-5pmirU.tmp/lid-rs-macros)
warning: unused variable: `path`
   --> /private/var/folders/82/r8klt12x7pq297ctrkkx3s200000gn/T/cargo-mutants-lid-rs-5pmirU.tmp/lid-rs-macros/src/expand.rs:180:22
    |
180 | fn ensure_plain_path(path: &Path) -> syn::Result<()> {
    |                      ^^^^ help: if this is intentional, prefix it with an underscore: `_path`
    |
    = note: `#[warn(unused_variables)]` (part of `#[warn(unused)]`) on by default

warning: `lid-rs-macros` (lib) generated 1 warning (run `cargo fix --lib -p lid-rs-macros` to apply 1 suggestion)
   Compiling lid-rs v0.1.0 (/private/var/folders/82/r8klt12x7pq297ctrkkx3s200000gn/T/cargo-mutants-lid-rs-5pmirU.tmp/lid-rs)
   Compiling lid-rs-tests v0.0.0 (/private/var/folders/82/r8klt12x7pq297ctrkkx3s200000gn/T/cargo-mutants-lid-rs-5pmirU.tmp/target/tests/trybuild/lid-rs)
    Finished `dev` profile [unoptimized + debuginfo] target(s) in 0.50s


test [0m[1mtests/ui/fail/derive_non_unit.rs[0m [should fail to compile] ... [0m[32mok
[0mtest [0m[1mtests/ui/fail/empty_citation.rs[0m [should fail to compile] ... [0m[32mok
[0mtest [0m[1mtests/ui/fail/generic_path.rs[0m [should fail to compile] ... [0m[1m[31mmismatch
[0m
[0m[1m[34mEXPECTED:
[0m[34m┈┈┈┈┈┈┈┈┈┈┈┈┈┈┈┈┈┈┈┈┈┈┈┈┈┈┈┈┈┈┈┈┈┈┈┈┈┈┈┈┈┈┈┈┈┈┈┈┈┈┈┈┈┈┈┈┈┈┈┈
[0m[34merror: lid-rs: spec paths are plain paths — a claim type takes no generic arguments
[0m[34m --> tests/ui/fail/generic_path.rs:3:22
[0m[34m  |
[0m[34m3 | #[lid_rs::implements(Vec<u8>)]
[0m[34m  |                      ^^^^^^^
[0m[34m┈┈┈┈┈┈┈┈┈┈┈┈┈┈┈┈┈┈┈┈┈┈┈┈┈┈┈┈┈┈┈┈┈┈┈┈┈┈┈┈┈┈┈┈┈┈┈┈┈┈┈┈┈┈┈┈┈┈┈┈
[0m
[0m[1m[31mACTUAL OUTPUT:
[0m[31m┈┈┈┈┈┈┈┈┈┈┈┈┈┈┈┈┈┈┈┈┈┈┈┈┈┈┈┈┈┈┈┈┈┈┈┈┈┈┈┈┈┈┈┈┈┈┈┈┈┈┈┈┈┈┈┈┈┈┈┈
[0m[31merror[E0277]: the trait bound `Vec<u8>: Spec` is not satisfied
[0m[31m --> tests/ui/fail/generic_path.rs:3:22
[0m[31m  |
[0m[31m3 | #[lid_rs::implements(Vec<u8>)]
[0m[31m  |                      ^^^^^^^ the trait `Spec` is not implemented for `Vec<u8>`
[0m[31m  |
[0m[31m  = help: the following other types implement trait `Spec`:
[0m[31m            CanaryConfirmsRegistryPresence
[0m[31m            CanaryDetectsAStrippedRegistry
[0m[31m            CoveredGraphsPassTheGraphCheck
[0m[31m            DerivedSpecsCarryTheirDefinitionPath
[0m[31m            DerivedSpecsRegisterIntoSpecs
[0m[31m            GraphChecksRequireThePresentCanary
[0m[31m            GraphChecksScopeToTheCurrentCrate
[0m[31m            ImplementsCitationsRegisterEdges
[0m[31m          and $N others
[0m[31m┈┈┈┈┈┈┈┈┈┈┈┈┈┈┈┈┈┈┈┈┈┈┈┈┈┈┈┈┈┈┈┈┈┈┈┈┈┈┈┈┈┈┈┈┈┈┈┈┈┈┈┈┈┈┈┈┈┈┈┈
[0mnote: If the [0m[31mactual output[0m is the correct output you can bless it by rerunning
      your test with the environment variable TRYBUILD=overwrite

test [0m[1mtests/ui/fail/not_a_spec.rs[0m [should fail to compile] ... [0m[32mok
[0mtest [0m[1mtests/ui/fail/unresolvable_path.rs[0m [should fail to compile] ... [0m[32mok
[0mtest [0m[1mtests/ui/pass/foreign_key.rs[0m [should pass] ... [0m[32mok
[0m
[0m[1m[33mSTDERR:
[0m[33m┈┈┈┈┈┈┈┈┈┈┈┈┈┈┈┈┈┈┈┈┈┈┈┈┈┈┈┈┈┈┈┈┈┈┈┈┈┈┈┈┈┈┈┈┈┈┈┈┈┈┈┈┈┈┈┈┈┈┈┈
[0m[33mwarning: unused variable: `path`
[0m[33m   --> /private/var/folders/82/r8klt12x7pq297ctrkkx3s200000gn/T/cargo-mutants-lid-rs-5pmirU.tmp/lid-rs-macros/src/expand.rs:180:22
[0m[33m    |
[0m[33m180 | fn ensure_plain_path(path: &Path) -> syn::Result<()> {
[0m[33m    |                      ^^^^ help: if this is intentional, prefix it with an underscore: `_path`
[0m[33m    |
[0m[33m    = note: `#[warn(unused_variables)]` (part of `#[warn(unused)]`) on by default
[0m[33m┈┈┈┈┈┈┈┈┈┈┈┈┈┈┈┈┈┈┈┈┈┈┈┈┈┈┈┈┈┈┈┈┈┈┈┈┈┈┈┈┈┈┈┈┈┈┈┈┈┈┈┈┈┈┈┈┈┈┈┈
[0m
test [0m[1mtests/ui/pass/method_citation.rs[0m [should pass] ... [0m[32mok
[0m
[0m[1m[33mSTDERR:
[0m[33m┈┈┈┈┈┈┈┈┈┈┈┈┈┈┈┈┈┈┈┈┈┈┈┈┈┈┈┈┈┈┈┈┈┈┈┈┈┈┈┈┈┈┈┈┈┈┈┈┈┈┈┈┈┈┈┈┈┈┈┈
[0m[33mwarning: unused variable: `path`
[0m[33m   --> /private/var/folders/82/r8klt12x7pq297ctrkkx3s200000gn/T/cargo-mutants-lid-rs-5pmirU.tmp/lid-rs-macros/src/expand.rs:180:22
[0m[33m    |
[0m[33m180 | fn ensure_plain_path(path: &Path) -> syn::Result<()> {
[0m[33m    |                      ^^^^ help: if this is intentional, prefix it with an underscore: `_path`
[0m[33m    |
[0m[33m    = note: `#[warn(unused_variables)]` (part of `#[warn(unused)]`) on by default
[0m[33m┈┈┈┈┈┈┈┈┈┈┈┈┈┈┈┈┈┈┈┈┈┈┈┈┈┈┈┈┈┈┈┈┈┈┈┈┈┈┈┈┈┈┈┈┈┈┈┈┈┈┈┈┈┈┈┈┈┈┈┈
[0m
test [0m[1mtests/ui/pass/module_tracing.rs[0m [should pass] ... [0m[32mok
[0m
[0m[1m[33mSTDERR:
[0m[33m┈┈┈┈┈┈┈┈┈┈┈┈┈┈┈┈┈┈┈┈┈┈┈┈┈┈┈┈┈┈┈┈┈┈┈┈┈┈┈┈┈┈┈┈┈┈┈┈┈┈┈┈┈┈┈┈┈┈┈┈
[0m[33mwarning: unused variable: `path`
[0m[33m   --> /private/var/folders/82/r8klt12x7pq297ctrkkx3s200000gn/T/cargo-mutants-lid-rs-5pmirU.tmp/lid-rs-macros/src/expand.rs:180:22
[0m[33m    |
[0m[33m180 | fn ensure_plain_path(path: &Path) -> syn::Result<()> {
[0m[33m    |                      ^^^^ help: if this is intentional, prefix it with an underscore: `_path`
[0m[33m    |
[0m[33m    = note: `#[warn(unused_variables)]` (part of `#[warn(unused)]`) on by default
[0m[33m┈┈┈┈┈┈┈┈┈┈┈┈┈┈┈┈┈┈┈┈┈┈┈┈┈┈┈┈┈┈┈┈┈┈┈┈┈┈┈┈┈┈┈┈┈┈┈┈┈┈┈┈┈┈┈┈┈┈┈┈
[0m
test [0m[1mtests/ui/pass/renamed_use.rs[0m [should pass] ... [0m[32mok
[0m
[0m[1m[33mSTDERR:
[0m[33m┈┈┈┈┈┈┈┈┈┈┈┈┈┈┈┈┈┈┈┈┈┈┈┈┈┈┈┈┈┈┈┈┈┈┈┈┈┈┈┈┈┈┈┈┈┈┈┈┈┈┈┈┈┈┈┈┈┈┈┈
[0m[33mwarning: unused variable: `path`
[0m[33m   --> /private/var/folders/82/r8klt12x7pq297ctrkkx3s200000gn/T/cargo-mutants-lid-rs-5pmirU.tmp/lid-rs-macros/src/expand.rs:180:22
[0m[33m    |
[0m[33m180 | fn ensure_plain_path(path: &Path) -> syn::Result<()> {
[0m[33m    |                      ^^^^ help: if this is intentional, prefix it with an underscore: `_path`
[0m[33m    |
[0m[33m    = note: `#[warn(unused_variables)]` (part of `#[warn(unused)]`) on by default
[0m[33m┈┈┈┈┈┈┈┈┈┈┈┈┈┈┈┈┈┈┈┈┈┈┈┈┈┈┈┈┈┈┈┈┈┈┈┈┈┈┈┈┈┈┈┈┈┈┈┈┈┈┈┈┈┈┈┈┈┈┈┈
[0m
test [0m[1mtests/ui/pass/retired_spec_definition.rs[0m [should pass] ... [0m[32mok
[0m
[0m[1m[33mSTDERR:
[0m[33m┈┈┈┈┈┈┈┈┈┈┈┈┈┈┈┈┈┈┈┈┈┈┈┈┈┈┈┈┈┈┈┈┈┈┈┈┈┈┈┈┈┈┈┈┈┈┈┈┈┈┈┈┈┈┈┈┈┈┈┈
[0m[33mwarning: unused variable: `path`
[0m[33m   --> /private/var/folders/82/r8klt12x7pq297ctrkkx3s200000gn/T/cargo-mutants-lid-rs-5pmirU.tmp/lid-rs-macros/src/expand.rs:180:22
[0m[33m    |
[0m[33m180 | fn ensure_plain_path(path: &Path) -> syn::Result<()> {
[0m[33m    |                      ^^^^ help: if this is intentional, prefix it with an underscore: `_path`
[0m[33m    |
[0m[33m    = note: `#[warn(unused_variables)]` (part of `#[warn(unused)]`) on by default
[0m[33m┈┈┈┈┈┈┈┈┈┈┈┈┈┈┈┈┈┈┈┈┈┈┈┈┈┈┈┈┈┈┈┈┈┈┈┈┈┈┈┈┈┈┈┈┈┈┈┈┈┈┈┈┈┈┈┈┈┈┈┈
[0m
test [0m[1mtests/ui/pass/struct_enum_citation.rs[0m [should pass] ... [0m[32mok
[0m
[0m[1m[33mSTDERR:
[0m[33m┈┈┈┈┈┈┈┈┈┈┈┈┈┈┈┈┈┈┈┈┈┈┈┈┈┈┈┈┈┈┈┈┈┈┈┈┈┈┈┈┈┈┈┈┈┈┈┈┈┈┈┈┈┈┈┈┈┈┈┈
[0m[33mwarning: unused variable: `path`
[0m[33m   --> /private/var/folders/82/r8klt12x7pq297ctrkkx3s200000gn/T/cargo-mutants-lid-rs-5pmirU.tmp/lid-rs-macros/src/expand.rs:180:22
[0m[33m    |
[0m[33m180 | fn ensure_plain_path(path: &Path) -> syn::Result<()> {
[0m[33m    |                      ^^^^ help: if this is intentional, prefix it with an underscore: `_path`
[0m[33m    |
[0m[33m    = note: `#[warn(unused_variables)]` (part of `#[warn(unused)]`) on by default
[0m[33m┈┈┈┈┈┈┈┈┈┈┈┈┈┈┈┈┈┈┈┈┈┈┈┈┈┈┈┈┈┈┈┈┈┈┈┈┈┈┈┈┈┈┈┈┈┈┈┈┈┈┈┈┈┈┈┈┈┈┈┈
[0m
test [0m[1mtests/ui/pass/validates_with_test.rs[0m [should pass] ... [0m[32mok
[0m
[0m[1m[33mSTDERR:
[0m[33m┈┈┈┈┈┈┈┈┈┈┈┈┈┈┈┈┈┈┈┈┈┈┈┈┈┈┈┈┈┈┈┈┈┈┈┈┈┈┈┈┈┈┈┈┈┈┈┈┈┈┈┈┈┈┈┈┈┈┈┈
[0m[33mwarning: unused variable: `path`
[0m[33m   --> /private/var/folders/82/r8klt12x7pq297ctrkkx3s200000gn/T/cargo-mutants-lid-rs-5pmirU.tmp/lid-rs-macros/src/expand.rs:180:22
[0m[33m    |
[0m[33m180 | fn ensure_plain_path(path: &Path) -> syn::Result<()> {
[0m[33m    |                      ^^^^ help: if this is intentional, prefix it with an underscore: `_path`
[0m[33m    |
[0m[33m    = note: `#[warn(unused_variables)]` (part of `#[warn(unused)]`) on by default
[0m[33m┈┈┈┈┈┈┈┈┈┈┈┈┈┈┈┈┈┈┈┈┈┈┈┈┈┈┈┈┈┈┈┈┈┈┈┈┈┈┈┈┈┈┈┈┈┈┈┈┈┈┈┈┈┈┈┈┈┈┈┈
[0m


test spec::tests::malformed_citations_fail_to_compile ... FAILED

failures:

---- spec::tests::malformed_citations_fail_to_compile stdout ----

thread 'spec::tests::malformed_citations_fail_to_compile' (8659767) panicked at /Users/brad/.cargo/registry/src/index.crates.io-1949cf8c6b5b557f/trybuild-1.0.120/src/run.rs:103:13:
1 of 12 tests failed
note: run with `RUST_BACKTRACE=1` environment variable to display a backtrace


failures:
    spec::tests::malformed_citations_fail_to_compile

test result: FAILED. 17 passed; 1 failed; 0 ignored; 0 measured; 0 filtered out; finished in 2.81s

error: test failed, to rerun pass `-p lid-rs --lib`

*** result: Failure(101)
