
*** lid-rs-macros/src/expand.rs:164:5: replace parse_spec_paths -> syn::Result<Vec<Path>> with Ok(vec![Default::default()])

*** mutation diff:
--- lid-rs-macros/src/expand.rs
+++ replace parse_spec_paths -> syn::Result<Vec<Path>> with Ok(vec![Default::default()])
@@ -156,29 +156,17 @@
         .map_err(|e| syn::Error::new(e.span(), "lid-rs: expected a single foreign-ID string literal"))?;
     let mut item: DeriveInput = syn::parse2(item)?;
     item.attrs.push(parse_quote!(#[doc(alias = #id)]));
     Ok(item.into_token_stream())
 }
 
 /// Parses a citation argument list: one or more plain, non-generic paths.
 fn parse_spec_paths(args: TokenStream) -> syn::Result<Vec<Path>> {
-    let span = proc_macro2::Span::call_site();
-    let paths: Punctuated<Path, Token![,]> =
-        Punctuated::parse_terminated.parse2(args).map_err(|e| {
-            syn::Error::new(e.span(), "lid-rs: expected a comma-separated list of spec paths")
-        })?;
-    if paths.is_empty() {
-        return Err(syn::Error::new(
-            span,
-            "lid-rs: cite at least one spec, or remove the attribute",
-        ));
-    }
-    paths.iter().try_for_each(ensure_plain_path)?;
-    Ok(paths.into_iter().collect())
+    Ok(vec![Default::default()]) /* ~ changed by cargo-mutants ~ */
 }
 
 /// Rejects path segments carrying generic arguments.
 fn ensure_plain_path(path: &Path) -> syn::Result<()> {
     if path.segments.iter().any(|s| !s.arguments.is_none()) {
         return Err(syn::Error::new_spanned(
             path,
             "lid-rs: spec paths are plain paths — a claim type takes no generic arguments",


*** /Users/brad/.rustup/toolchains/1.97.1-aarch64-apple-darwin/bin/cargo test --no-run --verbose --workspace
       Fresh unicode-ident v1.0.24
       Fresh itoa v1.0.18
       Fresh memchr v2.8.3
       Fresh proc-macro2 v1.0.107
       Fresh winnow v1.0.4
       Fresh toml_writer v1.1.2+spec-1.1.0
       Fresh quote v1.0.47
       Fresh serde_core v1.0.229
       Fresh zmij v1.0.23
       Fresh toml_parser v1.1.3+spec-1.1.0
       Fresh termcolor v1.4.1
       Fresh glob v0.3.4
       Fresh syn v3.0.4
       Fresh syn v2.0.119
       Fresh serde_json v1.0.151
       Fresh toml_datetime v1.1.1+spec-1.1.0
       Fresh serde_spanned v1.1.1
       Fresh serde v1.0.229
       Fresh target-triple v1.0.1
       Fresh linkme-impl v0.3.37
       Dirty lid-rs-macros v0.1.0 (/private/var/folders/82/r8klt12x7pq297ctrkkx3s200000gn/T/cargo-mutants-lid-rs-5pmirU.tmp/lid-rs-macros): the file `lid-rs-macros/src/expand.rs` has changed (1787755171.191227371s, 5s after last build at 1787755166.885500038s)
   Compiling lid-rs-macros v0.1.0 (/private/var/folders/82/r8klt12x7pq297ctrkkx3s200000gn/T/cargo-mutants-lid-rs-5pmirU.tmp/lid-rs-macros)
       Fresh toml v1.1.4+spec-1.1.0
       Fresh serde_derive v1.0.229
     Running `/Users/brad/.rustup/toolchains/1.97.1-aarch64-apple-darwin/bin/rustc --crate-name lid_rs_macros --edition=2024 lid-rs-macros/src/lib.rs --error-format=json --json=diagnostic-rendered-ansi,artifacts,future-incompat --crate-type proc-macro --emit=dep-info,link -C prefer-dynamic -C embed-bitcode=no '--deny=clippy::wildcard_enum_match_arm' '--warn=clippy::too_many_lines' '--warn=clippy::missing_docs_in_private_items' --deny=missing_docs '--warn=clippy::fn_params_excessive_bools' '--warn=clippy::cognitive_complexity' '--deny=rustdoc::broken_intra_doc_links' --check-cfg 'cfg(docsrs,test)' --check-cfg 'cfg(feature, values())' -C metadata=74898d38ec80e945 -C extra-filename=-ece238cbc562aff6 --out-dir /private/var/folders/82/r8klt12x7pq297ctrkkx3s200000gn/T/cargo-mutants-lid-rs-5pmirU.tmp/target/debug/deps -C incremental=/private/var/folders/82/r8klt12x7pq297ctrkkx3s200000gn/T/cargo-mutants-lid-rs-5pmirU.tmp/target/debug/incremental -L dependency=/private/var/folders/82/r8klt12x7pq297ctrkkx3s200000gn/T/cargo-mutants-lid-rs-5pmirU.tmp/target/debug/deps --extern proc_macro2=/private/var/folders/82/r8klt12x7pq297ctrkkx3s200000gn/T/cargo-mutants-lid-rs-5pmirU.tmp/target/debug/deps/libproc_macro2-55815e1867ec6ee3.rlib --extern quote=/private/var/folders/82/r8klt12x7pq297ctrkkx3s200000gn/T/cargo-mutants-lid-rs-5pmirU.tmp/target/debug/deps/libquote-04564932a2509d90.rlib --extern syn=/private/var/folders/82/r8klt12x7pq297ctrkkx3s200000gn/T/cargo-mutants-lid-rs-5pmirU.tmp/target/debug/deps/libsyn-2216c29f0adb985f.rlib --extern proc_macro`
       Fresh linkme v0.3.37
       Fresh trybuild v1.0.120
     Running `/Users/brad/.rustup/toolchains/1.97.1-aarch64-apple-darwin/bin/rustc --crate-name lid_rs_macros --edition=2024 lid-rs-macros/src/lib.rs --error-format=json --json=diagnostic-rendered-ansi,artifacts,future-incompat --emit=dep-info,link -C prefer-dynamic -C embed-bitcode=no -C debuginfo=2 -C split-debuginfo=unpacked '--deny=clippy::wildcard_enum_match_arm' '--warn=clippy::too_many_lines' '--warn=clippy::missing_docs_in_private_items' --deny=missing_docs '--warn=clippy::fn_params_excessive_bools' '--warn=clippy::cognitive_complexity' '--deny=rustdoc::broken_intra_doc_links' --test --check-cfg 'cfg(docsrs,test)' --check-cfg 'cfg(feature, values())' -C metadata=5b2261e8bdcdfbf8 -C extra-filename=-4e5ca9de44791b17 --out-dir /private/var/folders/82/r8klt12x7pq297ctrkkx3s200000gn/T/cargo-mutants-lid-rs-5pmirU.tmp/target/debug/deps -C incremental=/private/var/folders/82/r8klt12x7pq297ctrkkx3s200000gn/T/cargo-mutants-lid-rs-5pmirU.tmp/target/debug/incremental -L dependency=/private/var/folders/82/r8klt12x7pq297ctrkkx3s200000gn/T/cargo-mutants-lid-rs-5pmirU.tmp/target/debug/deps --extern proc_macro2=/private/var/folders/82/r8klt12x7pq297ctrkkx3s200000gn/T/cargo-mutants-lid-rs-5pmirU.tmp/target/debug/deps/libproc_macro2-55815e1867ec6ee3.rlib --extern quote=/private/var/folders/82/r8klt12x7pq297ctrkkx3s200000gn/T/cargo-mutants-lid-rs-5pmirU.tmp/target/debug/deps/libquote-04564932a2509d90.rlib --extern syn=/private/var/folders/82/r8klt12x7pq297ctrkkx3s200000gn/T/cargo-mutants-lid-rs-5pmirU.tmp/target/debug/deps/libsyn-2216c29f0adb985f.rlib --extern proc_macro`
warning: unused import: `syn::parse::Parser`
 --> lid-rs-macros/src/expand.rs:7:5
  |
7 | use syn::parse::Parser;
  |     ^^^^^^^^^^^^^^^^^^
  |
  = note: `#[warn(unused_imports)]` (part of `#[warn(unused)]`) on by default

warning: unused import: `syn::punctuated::Punctuated`
 --> lid-rs-macros/src/expand.rs:8:5
  |
8 | use syn::punctuated::Punctuated;
  |     ^^^^^^^^^^^^^^^^^^^^^^^^^^^

warning: unused import: `Token`
  --> lid-rs-macros/src/expand.rs:10:87
   |
10 |     Attribute, Data, DeriveInput, Fields, ItemEnum, ItemFn, ItemStruct, LitStr, Path, Token,
   |                                                                                       ^^^^^

error[E0277]: the trait bound `syn::Path: std::default::Default` is not satisfied
   --> lid-rs-macros/src/expand.rs:164:13
    |
164 |     Ok(vec![Default::default()]) /* ~ changed by cargo-mutants ~ */
    |             ^^^^^^^^^^^^^^^^^^ the trait `std::default::Default` is not implemented for `syn::Path`

For more information about this error, try `rustc --explain E0277`.
warning: `lid-rs-macros` (lib test) generated 3 warnings
error: could not compile `lid-rs-macros` (lib test) due to 1 previous error; 3 warnings emitted

Caused by:
  process didn't exit successfully: `/Users/brad/.rustup/toolchains/1.97.1-aarch64-apple-darwin/bin/rustc --crate-name lid_rs_macros --edition=2024 lid-rs-macros/src/lib.rs --error-format=json --json=diagnostic-rendered-ansi,artifacts,future-incompat --emit=dep-info,link -C prefer-dynamic -C embed-bitcode=no -C debuginfo=2 -C split-debuginfo=unpacked '--deny=clippy::wildcard_enum_match_arm' '--warn=clippy::too_many_lines' '--warn=clippy::missing_docs_in_private_items' --deny=missing_docs '--warn=clippy::fn_params_excessive_bools' '--warn=clippy::cognitive_complexity' '--deny=rustdoc::broken_intra_doc_links' --test --check-cfg 'cfg(docsrs,test)' --check-cfg 'cfg(feature, values())' -C metadata=5b2261e8bdcdfbf8 -C extra-filename=-4e5ca9de44791b17 --out-dir /private/var/folders/82/r8klt12x7pq297ctrkkx3s200000gn/T/cargo-mutants-lid-rs-5pmirU.tmp/target/debug/deps -C incremental=/private/var/folders/82/r8klt12x7pq297ctrkkx3s200000gn/T/cargo-mutants-lid-rs-5pmirU.tmp/target/debug/incremental -L dependency=/private/var/folders/82/r8klt12x7pq297ctrkkx3s200000gn/T/cargo-mutants-lid-rs-5pmirU.tmp/target/debug/deps --extern proc_macro2=/private/var/folders/82/r8klt12x7pq297ctrkkx3s200000gn/T/cargo-mutants-lid-rs-5pmirU.tmp/target/debug/deps/libproc_macro2-55815e1867ec6ee3.rlib --extern quote=/private/var/folders/82/r8klt12x7pq297ctrkkx3s200000gn/T/cargo-mutants-lid-rs-5pmirU.tmp/target/debug/deps/libquote-04564932a2509d90.rlib --extern syn=/private/var/folders/82/r8klt12x7pq297ctrkkx3s200000gn/T/cargo-mutants-lid-rs-5pmirU.tmp/target/debug/deps/libsyn-2216c29f0adb985f.rlib --extern proc_macro` (exit status: 1)
warning: build failed, waiting for other jobs to finish...
warning: `lid-rs-macros` (lib) generated 3 warnings (3 duplicates)
error: could not compile `lid-rs-macros` (lib) due to 1 previous error; 3 warnings emitted

Caused by:
  process didn't exit successfully: `/Users/brad/.rustup/toolchains/1.97.1-aarch64-apple-darwin/bin/rustc --crate-name lid_rs_macros --edition=2024 lid-rs-macros/src/lib.rs --error-format=json --json=diagnostic-rendered-ansi,artifacts,future-incompat --crate-type proc-macro --emit=dep-info,link -C prefer-dynamic -C embed-bitcode=no '--deny=clippy::wildcard_enum_match_arm' '--warn=clippy::too_many_lines' '--warn=clippy::missing_docs_in_private_items' --deny=missing_docs '--warn=clippy::fn_params_excessive_bools' '--warn=clippy::cognitive_complexity' '--deny=rustdoc::broken_intra_doc_links' --check-cfg 'cfg(docsrs,test)' --check-cfg 'cfg(feature, values())' -C metadata=74898d38ec80e945 -C extra-filename=-ece238cbc562aff6 --out-dir /private/var/folders/82/r8klt12x7pq297ctrkkx3s200000gn/T/cargo-mutants-lid-rs-5pmirU.tmp/target/debug/deps -C incremental=/private/var/folders/82/r8klt12x7pq297ctrkkx3s200000gn/T/cargo-mutants-lid-rs-5pmirU.tmp/target/debug/incremental -L dependency=/private/var/folders/82/r8klt12x7pq297ctrkkx3s200000gn/T/cargo-mutants-lid-rs-5pmirU.tmp/target/debug/deps --extern proc_macro2=/private/var/folders/82/r8klt12x7pq297ctrkkx3s200000gn/T/cargo-mutants-lid-rs-5pmirU.tmp/target/debug/deps/libproc_macro2-55815e1867ec6ee3.rlib --extern quote=/private/var/folders/82/r8klt12x7pq297ctrkkx3s200000gn/T/cargo-mutants-lid-rs-5pmirU.tmp/target/debug/deps/libquote-04564932a2509d90.rlib --extern syn=/private/var/folders/82/r8klt12x7pq297ctrkkx3s200000gn/T/cargo-mutants-lid-rs-5pmirU.tmp/target/debug/deps/libsyn-2216c29f0adb985f.rlib --extern proc_macro` (exit status: 1)

*** result: Failure(101)
