
*** lid-rs-macros/src/expand.rs:155:5: replace foreign_key -> syn::Result<TokenStream> with Ok(Default::default())

*** mutation diff:
--- lid-rs-macros/src/expand.rs
+++ replace foreign_key -> syn::Result<TokenStream> with Ok(Default::default())
@@ -147,21 +147,17 @@
         .iter()
         .map(|p| edge_registration(&Verb::Implements, p, &item_expr));
     Ok(quote!(#(#registrations)*))
 }
 
 /// Expands `#[spec("FOREIGN-ID")]`: re-emits the struct with a doc alias so
 /// the foreign ID stays greppable and rustdoc-searchable.
 pub fn foreign_key(args: TokenStream, item: TokenStream) -> syn::Result<TokenStream> {
-    let id: LitStr = syn::parse2(args)
-        .map_err(|e| syn::Error::new(e.span(), "lid-rs: expected a single foreign-ID string literal"))?;
-    let mut item: DeriveInput = syn::parse2(item)?;
-    item.attrs.push(parse_quote!(#[doc(alias = #id)]));
-    Ok(item.into_token_stream())
+    Ok(Default::default()) /* ~ changed by cargo-mutants ~ */
 }
 
 /// Parses a citation argument list: one or more plain, non-generic paths.
 fn parse_spec_paths(args: TokenStream) -> syn::Result<Vec<Path>> {
     let span = proc_macro2::Span::call_site();
     let paths: Punctuated<Path, Token![,]> =
         Punctuated::parse_terminated.parse2(args).map_err(|e| {
             syn::Error::new(e.span(), "lid-rs: expected a comma-separated list of spec paths")


*** /Users/brad/.rustup/toolchains/1.97.1-aarch64-apple-darwin/bin/cargo test --no-run --verbose --workspace
       Fresh unicode-ident v1.0.24
       Fresh itoa v1.0.18
       Fresh memchr v2.8.3
       Fresh proc-macro2 v1.0.107
       Fresh winnow v1.0.4
       Fresh toml_writer v1.1.2+spec-1.1.0
       Fresh quote v1.0.47
       Fresh serde_core v1.0.229
       Fresh zmij v1.0.23
       Fresh toml_parser v1.1.3+spec-1.1.0
       Fresh target-triple v1.0.1
       Fresh glob v0.3.4
       Fresh termcolor v1.4.1
       Fresh syn v3.0.4
       Fresh syn v2.0.119
       Fresh serde_json v1.0.151
       Fresh serde_spanned v1.1.1
       Fresh toml_datetime v1.1.1+spec-1.1.0
       Fresh serde v1.0.229
       Dirty lid-rs-macros v0.1.0 (/private/var/folders/82/r8klt12x7pq297ctrkkx3s200000gn/T/cargo-mutants-lid-rs-5pmirU.tmp/lid-rs-macros): the file `lid-rs-macros/src/expand.rs` has changed (1787755163.315192251s, 1s after last build at 1787755162.750018217s)
   Compiling lid-rs-macros v0.1.0 (/private/var/folders/82/r8klt12x7pq297ctrkkx3s200000gn/T/cargo-mutants-lid-rs-5pmirU.tmp/lid-rs-macros)
       Fresh linkme-impl v0.3.37
       Fresh serde_derive v1.0.229
       Fresh toml v1.1.4+spec-1.1.0
     Running `/Users/brad/.rustup/toolchains/1.97.1-aarch64-apple-darwin/bin/rustc --crate-name lid_rs_macros --edition=2024 lid-rs-macros/src/lib.rs --error-format=json --json=diagnostic-rendered-ansi,artifacts,future-incompat --crate-type proc-macro --emit=dep-info,link -C prefer-dynamic -C embed-bitcode=no '--deny=clippy::wildcard_enum_match_arm' '--warn=clippy::too_many_lines' '--warn=clippy::missing_docs_in_private_items' --deny=missing_docs '--warn=clippy::fn_params_excessive_bools' '--warn=clippy::cognitive_complexity' '--deny=rustdoc::broken_intra_doc_links' --check-cfg 'cfg(docsrs,test)' --check-cfg 'cfg(feature, values())' -C metadata=74898d38ec80e945 -C extra-filename=-ece238cbc562aff6 --out-dir /private/var/folders/82/r8klt12x7pq297ctrkkx3s200000gn/T/cargo-mutants-lid-rs-5pmirU.tmp/target/debug/deps -C incremental=/private/var/folders/82/r8klt12x7pq297ctrkkx3s200000gn/T/cargo-mutants-lid-rs-5pmirU.tmp/target/debug/incremental -L dependency=/private/var/folders/82/r8klt12x7pq297ctrkkx3s200000gn/T/cargo-mutants-lid-rs-5pmirU.tmp/target/debug/deps --extern proc_macro2=/private/var/folders/82/r8klt12x7pq297ctrkkx3s200000gn/T/cargo-mutants-lid-rs-5pmirU.tmp/target/debug/deps/libproc_macro2-55815e1867ec6ee3.rlib --extern quote=/private/var/folders/82/r8klt12x7pq297ctrkkx3s200000gn/T/cargo-mutants-lid-rs-5pmirU.tmp/target/debug/deps/libquote-04564932a2509d90.rlib --extern syn=/private/var/folders/82/r8klt12x7pq297ctrkkx3s200000gn/T/cargo-mutants-lid-rs-5pmirU.tmp/target/debug/deps/libsyn-2216c29f0adb985f.rlib --extern proc_macro`
       Fresh linkme v0.3.37
       Fresh trybuild v1.0.120
     Running `/Users/brad/.rustup/toolchains/1.97.1-aarch64-apple-darwin/bin/rustc --crate-name lid_rs_macros --edition=2024 lid-rs-macros/src/lib.rs --error-format=json --json=diagnostic-rendered-ansi,artifacts,future-incompat --emit=dep-info,link -C prefer-dynamic -C embed-bitcode=no -C debuginfo=2 -C split-debuginfo=unpacked '--deny=clippy::wildcard_enum_match_arm' '--warn=clippy::too_many_lines' '--warn=clippy::missing_docs_in_private_items' --deny=missing_docs '--warn=clippy::fn_params_excessive_bools' '--warn=clippy::cognitive_complexity' '--deny=rustdoc::broken_intra_doc_links' --test --check-cfg 'cfg(docsrs,test)' --check-cfg 'cfg(feature, values())' -C metadata=5b2261e8bdcdfbf8 -C extra-filename=-4e5ca9de44791b17 --out-dir /private/var/folders/82/r8klt12x7pq297ctrkkx3s200000gn/T/cargo-mutants-lid-rs-5pmirU.tmp/target/debug/deps -C incremental=/private/var/folders/82/r8klt12x7pq297ctrkkx3s200000gn/T/cargo-mutants-lid-rs-5pmirU.tmp/target/debug/incremental -L dependency=/private/var/folders/82/r8klt12x7pq297ctrkkx3s200000gn/T/cargo-mutants-lid-rs-5pmirU.tmp/target/debug/deps --extern proc_macro2=/private/var/folders/82/r8klt12x7pq297ctrkkx3s200000gn/T/cargo-mutants-lid-rs-5pmirU.tmp/target/debug/deps/libproc_macro2-55815e1867ec6ee3.rlib --extern quote=/private/var/folders/82/r8klt12x7pq297ctrkkx3s200000gn/T/cargo-mutants-lid-rs-5pmirU.tmp/target/debug/deps/libquote-04564932a2509d90.rlib --extern syn=/private/var/folders/82/r8klt12x7pq297ctrkkx3s200000gn/T/cargo-mutants-lid-rs-5pmirU.tmp/target/debug/deps/libsyn-2216c29f0adb985f.rlib --extern proc_macro`
warning: unused import: `LitStr`
  --> lid-rs-macros/src/expand.rs:10:73
   |
10 |     Attribute, Data, DeriveInput, Fields, ItemEnum, ItemFn, ItemStruct, LitStr, Path, Token,
   |                                                                         ^^^^^^
   |
   = note: `#[warn(unused_imports)]` (part of `#[warn(unused)]`) on by default

warning: unused variable: `args`
   --> lid-rs-macros/src/expand.rs:154:20
    |
154 | pub fn foreign_key(args: TokenStream, item: TokenStream) -> syn::Result<TokenStream> {
    |                    ^^^^ help: if this is intentional, prefix it with an underscore: `_args`
    |
    = note: `#[warn(unused_variables)]` (part of `#[warn(unused)]`) on by default

warning: unused variable: `item`
   --> lid-rs-macros/src/expand.rs:154:39
    |
154 | pub fn foreign_key(args: TokenStream, item: TokenStream) -> syn::Result<TokenStream> {
    |                                       ^^^^ help: if this is intentional, prefix it with an underscore: `_item`

warning: `lid-rs-macros` (lib test) generated 3 warnings (run `cargo fix --lib -p lid-rs-macros --tests` to apply 3 suggestions)
warning: `lid-rs-macros` (lib) generated 3 warnings (3 duplicates)
       Dirty lid-rs v0.1.0 (/private/var/folders/82/r8klt12x7pq297ctrkkx3s200000gn/T/cargo-mutants-lid-rs-5pmirU.tmp/lid-rs): the dependency `lid-rs-macros` was rebuilt
   Compiling lid-rs v0.1.0 (/private/var/folders/82/r8klt12x7pq297ctrkkx3s200000gn/T/cargo-mutants-lid-rs-5pmirU.tmp/lid-rs)
     Running `/Users/brad/.rustup/toolchains/1.97.1-aarch64-apple-darwin/bin/rustc --crate-name lid_rs --edition=2024 lid-rs/src/lib.rs --error-format=json --json=diagnostic-rendered-ansi,artifacts,future-incompat --emit=dep-info,link -C embed-bitcode=no -C debuginfo=2 -C split-debuginfo=unpacked '--deny=clippy::wildcard_enum_match_arm' '--warn=clippy::too_many_lines' '--warn=clippy::missing_docs_in_private_items' --deny=missing_docs '--warn=clippy::fn_params_excessive_bools' '--warn=clippy::cognitive_complexity' '--deny=rustdoc::broken_intra_doc_links' --test --check-cfg 'cfg(docsrs,test)' --check-cfg 'cfg(feature, values())' -C metadata=f704d46ced34e721 -C extra-filename=-28dee811c81057c8 --out-dir /private/var/folders/82/r8klt12x7pq297ctrkkx3s200000gn/T/cargo-mutants-lid-rs-5pmirU.tmp/target/debug/deps -C incremental=/private/var/folders/82/r8klt12x7pq297ctrkkx3s200000gn/T/cargo-mutants-lid-rs-5pmirU.tmp/target/debug/incremental -L dependency=/private/var/folders/82/r8klt12x7pq297ctrkkx3s200000gn/T/cargo-mutants-lid-rs-5pmirU.tmp/target/debug/deps --extern lid_rs_macros=/private/var/folders/82/r8klt12x7pq297ctrkkx3s200000gn/T/cargo-mutants-lid-rs-5pmirU.tmp/target/debug/deps/liblid_rs_macros-ece238cbc562aff6.dylib --extern linkme=/private/var/folders/82/r8klt12x7pq297ctrkkx3s200000gn/T/cargo-mutants-lid-rs-5pmirU.tmp/target/debug/deps/liblinkme-bfa2ed6f49607869.rlib --extern trybuild=/private/var/folders/82/r8klt12x7pq297ctrkkx3s200000gn/T/cargo-mutants-lid-rs-5pmirU.tmp/target/debug/deps/libtrybuild-8c37eb6e1df75497.rlib`
     Running `/Users/brad/.rustup/toolchains/1.97.1-aarch64-apple-darwin/bin/rustc --crate-name lid_rs --edition=2024 lid-rs/src/lib.rs --error-format=json --json=diagnostic-rendered-ansi,artifacts,future-incompat --crate-type lib --emit=dep-info,metadata,link -C embed-bitcode=no -C debuginfo=2 -C split-debuginfo=unpacked '--deny=clippy::wildcard_enum_match_arm' '--warn=clippy::too_many_lines' '--warn=clippy::missing_docs_in_private_items' --deny=missing_docs '--warn=clippy::fn_params_excessive_bools' '--warn=clippy::cognitive_complexity' '--deny=rustdoc::broken_intra_doc_links' --check-cfg 'cfg(docsrs,test)' --check-cfg 'cfg(feature, values())' -C metadata=a81a2c340eec1845 -C extra-filename=-578ebb2965769b45 --out-dir /private/var/folders/82/r8klt12x7pq297ctrkkx3s200000gn/T/cargo-mutants-lid-rs-5pmirU.tmp/target/debug/deps -C incremental=/private/var/folders/82/r8klt12x7pq297ctrkkx3s200000gn/T/cargo-mutants-lid-rs-5pmirU.tmp/target/debug/incremental -L dependency=/private/var/folders/82/r8klt12x7pq297ctrkkx3s200000gn/T/cargo-mutants-lid-rs-5pmirU.tmp/target/debug/deps --extern lid_rs_macros=/private/var/folders/82/r8klt12x7pq297ctrkkx3s200000gn/T/cargo-mutants-lid-rs-5pmirU.tmp/target/debug/deps/liblid_rs_macros-ece238cbc562aff6.dylib --extern linkme=/private/var/folders/82/r8klt12x7pq297ctrkkx3s200000gn/T/cargo-mutants-lid-rs-5pmirU.tmp/target/debug/deps/liblinkme-bfa2ed6f49607869.rmeta`
       Dirty xtask v0.1.0 (/private/var/folders/82/r8klt12x7pq297ctrkkx3s200000gn/T/cargo-mutants-lid-rs-5pmirU.tmp/xtask): couldn't read metadata for file `target/debug/deps/libxtask-ccbed06627f4c046.rlib`
   Compiling xtask v0.1.0 (/private/var/folders/82/r8klt12x7pq297ctrkkx3s200000gn/T/cargo-mutants-lid-rs-5pmirU.tmp/xtask)
     Running `/Users/brad/.rustup/toolchains/1.97.1-aarch64-apple-darwin/bin/rustc --crate-name xtask --edition=2024 xtask/src/lib.rs --error-format=json --json=diagnostic-rendered-ansi,artifacts,future-incompat --crate-type lib --emit=dep-info,metadata,link -C embed-bitcode=no -C debuginfo=2 -C split-debuginfo=unpacked '--deny=clippy::wildcard_enum_match_arm' '--warn=clippy::too_many_lines' '--warn=clippy::missing_docs_in_private_items' --deny=missing_docs '--warn=clippy::fn_params_excessive_bools' '--warn=clippy::cognitive_complexity' '--deny=rustdoc::broken_intra_doc_links' --check-cfg 'cfg(docsrs,test)' --check-cfg 'cfg(feature, values())' -C metadata=f425ae6587a18ecd -C extra-filename=-ccbed06627f4c046 --out-dir /private/var/folders/82/r8klt12x7pq297ctrkkx3s200000gn/T/cargo-mutants-lid-rs-5pmirU.tmp/target/debug/deps -C incremental=/private/var/folders/82/r8klt12x7pq297ctrkkx3s200000gn/T/cargo-mutants-lid-rs-5pmirU.tmp/target/debug/incremental -L dependency=/private/var/folders/82/r8klt12x7pq297ctrkkx3s200000gn/T/cargo-mutants-lid-rs-5pmirU.tmp/target/debug/deps --extern lid_rs=/private/var/folders/82/r8klt12x7pq297ctrkkx3s200000gn/T/cargo-mutants-lid-rs-5pmirU.tmp/target/debug/deps/liblid_rs-578ebb2965769b45.rmeta --extern serde_json=/private/var/folders/82/r8klt12x7pq297ctrkkx3s200000gn/T/cargo-mutants-lid-rs-5pmirU.tmp/target/debug/deps/libserde_json-a76f3ad13fee6024.rmeta`
     Running `/Users/brad/.rustup/toolchains/1.97.1-aarch64-apple-darwin/bin/rustc --crate-name xtask --edition=2024 xtask/src/lib.rs --error-format=json --json=diagnostic-rendered-ansi,artifacts,future-incompat --emit=dep-info,link -C embed-bitcode=no -C debuginfo=2 -C split-debuginfo=unpacked '--deny=clippy::wildcard_enum_match_arm' '--warn=clippy::too_many_lines' '--warn=clippy::missing_docs_in_private_items' --deny=missing_docs '--warn=clippy::fn_params_excessive_bools' '--warn=clippy::cognitive_complexity' '--deny=rustdoc::broken_intra_doc_links' --test --check-cfg 'cfg(docsrs,test)' --check-cfg 'cfg(feature, values())' -C metadata=16f74a64ce124088 -C extra-filename=-3023bfb6c92020e3 --out-dir /private/var/folders/82/r8klt12x7pq297ctrkkx3s200000gn/T/cargo-mutants-lid-rs-5pmirU.tmp/target/debug/deps -C incremental=/private/var/folders/82/r8klt12x7pq297ctrkkx3s200000gn/T/cargo-mutants-lid-rs-5pmirU.tmp/target/debug/incremental -L dependency=/private/var/folders/82/r8klt12x7pq297ctrkkx3s200000gn/T/cargo-mutants-lid-rs-5pmirU.tmp/target/debug/deps --extern lid_rs=/private/var/folders/82/r8klt12x7pq297ctrkkx3s200000gn/T/cargo-mutants-lid-rs-5pmirU.tmp/target/debug/deps/liblid_rs-578ebb2965769b45.rlib --extern serde_json=/private/var/folders/82/r8klt12x7pq297ctrkkx3s200000gn/T/cargo-mutants-lid-rs-5pmirU.tmp/target/debug/deps/libserde_json-a76f3ad13fee6024.rlib`
     Running `/Users/brad/.rustup/toolchains/1.97.1-aarch64-apple-darwin/bin/rustc --crate-name xtask --edition=2024 xtask/src/main.rs --error-format=json --json=diagnostic-rendered-ansi,artifacts,future-incompat --emit=dep-info,link -C embed-bitcode=no -C debuginfo=2 -C split-debuginfo=unpacked '--deny=clippy::wildcard_enum_match_arm' '--warn=clippy::too_many_lines' '--warn=clippy::missing_docs_in_private_items' --deny=missing_docs '--warn=clippy::fn_params_excessive_bools' '--warn=clippy::cognitive_complexity' '--deny=rustdoc::broken_intra_doc_links' --test --check-cfg 'cfg(docsrs,test)' --check-cfg 'cfg(feature, values())' -C metadata=4aeab101559d3416 -C extra-filename=-d235d701d245ea95 --out-dir /private/var/folders/82/r8klt12x7pq297ctrkkx3s200000gn/T/cargo-mutants-lid-rs-5pmirU.tmp/target/debug/deps -C incremental=/private/var/folders/82/r8klt12x7pq297ctrkkx3s200000gn/T/cargo-mutants-lid-rs-5pmirU.tmp/target/debug/incremental -L dependency=/private/var/folders/82/r8klt12x7pq297ctrkkx3s200000gn/T/cargo-mutants-lid-rs-5pmirU.tmp/target/debug/deps --extern lid_rs=/private/var/folders/82/r8klt12x7pq297ctrkkx3s200000gn/T/cargo-mutants-lid-rs-5pmirU.tmp/target/debug/deps/liblid_rs-578ebb2965769b45.rlib --extern serde_json=/private/var/folders/82/r8klt12x7pq297ctrkkx3s200000gn/T/cargo-mutants-lid-rs-5pmirU.tmp/target/debug/deps/libserde_json-a76f3ad13fee6024.rlib --extern xtask=/private/var/folders/82/r8klt12x7pq297ctrkkx3s200000gn/T/cargo-mutants-lid-rs-5pmirU.tmp/target/debug/deps/libxtask-ccbed06627f4c046.rlib`
    Finished `test` profile [unoptimized + debuginfo] target(s) in 0.67s
  Executable `/private/var/folders/82/r8klt12x7pq297ctrkkx3s200000gn/T/cargo-mutants-lid-rs-5pmirU.tmp/target/debug/deps/lid_rs-28dee811c81057c8`
  Executable `/private/var/folders/82/r8klt12x7pq297ctrkkx3s200000gn/T/cargo-mutants-lid-rs-5pmirU.tmp/target/debug/deps/lid_rs_macros-4e5ca9de44791b17`
  Executable `/private/var/folders/82/r8klt12x7pq297ctrkkx3s200000gn/T/cargo-mutants-lid-rs-5pmirU.tmp/target/debug/deps/xtask-3023bfb6c92020e3`
  Executable `/private/var/folders/82/r8klt12x7pq297ctrkkx3s200000gn/T/cargo-mutants-lid-rs-5pmirU.tmp/target/debug/deps/xtask-d235d701d245ea95`

*** result: Success

*** /Users/brad/.rustup/toolchains/1.97.1-aarch64-apple-darwin/bin/cargo test --verbose --workspace
       Fresh unicode-ident v1.0.24
       Fresh itoa v1.0.18
       Fresh memchr v2.8.3
       Fresh proc-macro2 v1.0.107
       Fresh winnow v1.0.4
       Fresh toml_writer v1.1.2+spec-1.1.0
       Fresh quote v1.0.47
       Fresh serde_core v1.0.229
       Fresh zmij v1.0.23
       Fresh toml_parser v1.1.3+spec-1.1.0
       Fresh termcolor v1.4.1
       Fresh glob v0.3.4
       Fresh syn v3.0.4
       Fresh syn v2.0.119
       Fresh serde_json v1.0.151
       Fresh toml_datetime v1.1.1+spec-1.1.0
       Fresh serde_spanned v1.1.1
       Fresh serde v1.0.229
       Fresh target-triple v1.0.1
warning: unused import: `LitStr`
  --> lid-rs-macros/src/expand.rs:10:73
   |
10 |     Attribute, Data, DeriveInput, Fields, ItemEnum, ItemFn, ItemStruct, LitStr, Path, Token,
   |                                                                         ^^^^^^
   |
   = note: `#[warn(unused_imports)]` (part of `#[warn(unused)]`) on by default

warning: unused variable: `args`
   --> lid-rs-macros/src/expand.rs:154:20
    |
154 | pub fn foreign_key(args: TokenStream, item: TokenStream) -> syn::Result<TokenStream> {
    |                    ^^^^ help: if this is intentional, prefix it with an underscore: `_args`
    |
    = note: `#[warn(unused_variables)]` (part of `#[warn(unused)]`) on by default

warning: unused variable: `item`
   --> lid-rs-macros/src/expand.rs:154:39
    |
154 | pub fn foreign_key(args: TokenStream, item: TokenStream) -> syn::Result<TokenStream> {
    |                                       ^^^^ help: if this is intentional, prefix it with an underscore: `_item`

       Fresh linkme-impl v0.3.37
       Fresh toml v1.1.4+spec-1.1.0
       Fresh serde_derive v1.0.229
warning: `lid-rs-macros` (lib) generated 3 warnings (run `cargo fix --lib -p lid-rs-macros` to apply 3 suggestions)
warning: `lid-rs-macros` (lib test) generated 3 warnings (3 duplicates)
       Fresh linkme v0.3.37
       Fresh trybuild v1.0.120
       Fresh lid-rs-macros v0.1.0 (/private/var/folders/82/r8klt12x7pq297ctrkkx3s200000gn/T/cargo-mutants-lid-rs-5pmirU.tmp/lid-rs-macros)
       Fresh lid-rs v0.1.0 (/private/var/folders/82/r8klt12x7pq297ctrkkx3s200000gn/T/cargo-mutants-lid-rs-5pmirU.tmp/lid-rs)
       Fresh xtask v0.1.0 (/private/var/folders/82/r8klt12x7pq297ctrkkx3s200000gn/T/cargo-mutants-lid-rs-5pmirU.tmp/xtask)
    Finished `test` profile [unoptimized + debuginfo] target(s) in 0.01s
     Running `/private/var/folders/82/r8klt12x7pq297ctrkkx3s200000gn/T/cargo-mutants-lid-rs-5pmirU.tmp/target/debug/deps/lid_rs-28dee811c81057c8`

running 18 tests
test graph::tests::graph_checks_require_the_present_canary ... ok
test canary::tests::canary_detects_a_stripped_registry ... ok
test canary::tests::linked_registrations_are_enumerable ... ok
test canary::tests::canary_confirms_registry_presence ... ok
test intent_graph::registry_is_populated ... ok
test intent_graph::registry_dump_for_tooling ... ok
test graph::tests::covered_graphs_pass_the_graph_check ... ok
test intent_graph::every_spec_has_a_validation ... ok
test intent_graph::every_spec_has_an_implementer ... ok
test graph::tests::graph_checks_scope_to_the_current_crate ... ok
test spec::tests::derived_specs_carry_their_definition_path ... ok
test graph::tests::unvalidated_specs_fail_the_graph_check ... ok
test spec::tests::derived_specs_register_into_specs ... ok
test graph::tests::uncited_specs_fail_the_graph_check ... ok
test spec::tests::implements_citations_register_edges ... ok
test spec::tests::module_citations_trace_by_containment ... ok
test spec::tests::validates_citations_register_edges ... ok
   Compiling lid-rs-macros v0.1.0 (/private/var/folders/82/r8klt12x7pq297ctrkkx3s200000gn/T/cargo-mutants-lid-rs-5pmirU.tmp/lid-rs-macros)
warning: unused import: `LitStr`
  --> /private/var/folders/82/r8klt12x7pq297ctrkkx3s200000gn/T/cargo-mutants-lid-rs-5pmirU.tmp/lid-rs-macros/src/expand.rs:10:73
   |
10 |     Attribute, Data, DeriveInput, Fields, ItemEnum, ItemFn, ItemStruct, LitStr, Path, Token,
   |                                                                         ^^^^^^
   |
   = note: `#[warn(unused_imports)]` (part of `#[warn(unused)]`) on by default

warning: unused variable: `args`
   --> /private/var/folders/82/r8klt12x7pq297ctrkkx3s200000gn/T/cargo-mutants-lid-rs-5pmirU.tmp/lid-rs-macros/src/expand.rs:154:20
    |
154 | pub fn foreign_key(args: TokenStream, item: TokenStream) -> syn::Result<TokenStream> {
    |                    ^^^^ help: if this is intentional, prefix it with an underscore: `_args`
    |
    = note: `#[warn(unused_variables)]` (part of `#[warn(unused)]`) on by default

warning: unused variable: `item`
   --> /private/var/folders/82/r8klt12x7pq297ctrkkx3s200000gn/T/cargo-mutants-lid-rs-5pmirU.tmp/lid-rs-macros/src/expand.rs:154:39
    |
154 | pub fn foreign_key(args: TokenStream, item: TokenStream) -> syn::Result<TokenStream> {
    |                                       ^^^^ help: if this is intentional, prefix it with an underscore: `_item`

warning: `lid-rs-macros` (lib) generated 3 warnings (run `cargo fix --lib -p lid-rs-macros` to apply 3 suggestions)
   Compiling lid-rs v0.1.0 (/private/var/folders/82/r8klt12x7pq297ctrkkx3s200000gn/T/cargo-mutants-lid-rs-5pmirU.tmp/lid-rs)
   Compiling lid-rs-tests v0.0.0 (/private/var/folders/82/r8klt12x7pq297ctrkkx3s200000gn/T/cargo-mutants-lid-rs-5pmirU.tmp/target/tests/trybuild/lid-rs)
    Finished `dev` profile [unoptimized + debuginfo] target(s) in 0.50s


test [0m[1mtests/ui/fail/derive_non_unit.rs[0m [should fail to compile] ... [0m[32mok
[0mtest [0m[1mtests/ui/fail/empty_citation.rs[0m [should fail to compile] ... [0m[32mok
[0mtest [0m[1mtests/ui/fail/generic_path.rs[0m [should fail to compile] ... [0m[32mok
[0mtest [0m[1mtests/ui/fail/not_a_spec.rs[0m [should fail to compile] ... [0m[32mok
[0mtest [0m[1mtests/ui/fail/unresolvable_path.rs[0m [should fail to compile] ... [0m[32mok
[0mtest [0m[1mtests/ui/pass/foreign_key.rs[0m [should pass] ... [0m[1m[31merror
[0m[31m┈┈┈┈┈┈┈┈┈┈┈┈┈┈┈┈┈┈┈┈┈┈┈┈┈┈┈┈┈┈┈┈┈┈┈┈┈┈┈┈┈┈┈┈┈┈┈┈┈┈┈┈┈┈┈┈┈┈┈┈
[0m[31merror[E0425]: cannot find type `AuditedClaim` in this scope
[0m[31m --> tests/ui/pass/foreign_key.rs:8:8
[0m[31m  |
[0m[31m8 | struct AuditedClaim;
[0m[31m  |        ^^^^^^^^^^^^ not found in this scope
[0m[31m┈┈┈┈┈┈┈┈┈┈┈┈┈┈┈┈┈┈┈┈┈┈┈┈┈┈┈┈┈┈┈┈┈┈┈┈┈┈┈┈┈┈┈┈┈┈┈┈┈┈┈┈┈┈┈┈┈┈┈┈
[0m
test [0m[1mtests/ui/pass/method_citation.rs[0m [should pass] ... [0m[32mok
[0m
[0m[1m[33mSTDERR:
[0m[33m┈┈┈┈┈┈┈┈┈┈┈┈┈┈┈┈┈┈┈┈┈┈┈┈┈┈┈┈┈┈┈┈┈┈┈┈┈┈┈┈┈┈┈┈┈┈┈┈┈┈┈┈┈┈┈┈┈┈┈┈
[0m[33mwarning: unused import: `LitStr`
[0m[33m  --> /private/var/folders/82/r8klt12x7pq297ctrkkx3s200000gn/T/cargo-mutants-lid-rs-5pmirU.tmp/lid-rs-macros/src/expand.rs:10:73
[0m[33m   |
[0m[33m10 |     Attribute, Data, DeriveInput, Fields, ItemEnum, ItemFn, ItemStruct, LitStr, Path, Token,
[0m[33m   |                                                                         ^^^^^^
[0m[33m   |
[0m[33m   = note: `#[warn(unused_imports)]` (part of `#[warn(unused)]`) on by default
[0m[33m
[0m[33mwarning: unused variable: `args`
[0m[33m   --> /private/var/folders/82/r8klt12x7pq297ctrkkx3s200000gn/T/cargo-mutants-lid-rs-5pmirU.tmp/lid-rs-macros/src/expand.rs:154:20
[0m[33m    |
[0m[33m154 | pub fn foreign_key(args: TokenStream, item: TokenStream) -> syn::Result<TokenStream> {
[0m[33m    |                    ^^^^ help: if this is intentional, prefix it with an underscore: `_args`
[0m[33m    |
[0m[33m    = note: `#[warn(unused_variables)]` (part of `#[warn(unused)]`) on by default
[0m[33m
[0m[33mwarning: unused variable: `item`
[0m[33m   --> /private/var/folders/82/r8klt12x7pq297ctrkkx3s200000gn/T/cargo-mutants-lid-rs-5pmirU.tmp/lid-rs-macros/src/expand.rs:154:39
[0m[33m    |
[0m[33m154 | pub fn foreign_key(args: TokenStream, item: TokenStream) -> syn::Result<TokenStream> {
[0m[33m    |                                       ^^^^ help: if this is intentional, prefix it with an underscore: `_item`
[0m[33m┈┈┈┈┈┈┈┈┈┈┈┈┈┈┈┈┈┈┈┈┈┈┈┈┈┈┈┈┈┈┈┈┈┈┈┈┈┈┈┈┈┈┈┈┈┈┈┈┈┈┈┈┈┈┈┈┈┈┈┈
[0m
test [0m[1mtests/ui/pass/module_tracing.rs[0m [should pass] ... [0m[32mok
[0m
[0m[1m[33mSTDERR:
[0m[33m┈┈┈┈┈┈┈┈┈┈┈┈┈┈┈┈┈┈┈┈┈┈┈┈┈┈┈┈┈┈┈┈┈┈┈┈┈┈┈┈┈┈┈┈┈┈┈┈┈┈┈┈┈┈┈┈┈┈┈┈
[0m[33mwarning: unused import: `LitStr`
[0m[33m  --> /private/var/folders/82/r8klt12x7pq297ctrkkx3s200000gn/T/cargo-mutants-lid-rs-5pmirU.tmp/lid-rs-macros/src/expand.rs:10:73
[0m[33m   |
[0m[33m10 |     Attribute, Data, DeriveInput, Fields, ItemEnum, ItemFn, ItemStruct, LitStr, Path, Token,
[0m[33m   |                                                                         ^^^^^^
[0m[33m   |
[0m[33m   = note: `#[warn(unused_imports)]` (part of `#[warn(unused)]`) on by default
[0m[33m
[0m[33mwarning: unused variable: `args`
[0m[33m   --> /private/var/folders/82/r8klt12x7pq297ctrkkx3s200000gn/T/cargo-mutants-lid-rs-5pmirU.tmp/lid-rs-macros/src/expand.rs:154:20
[0m[33m    |
[0m[33m154 | pub fn foreign_key(args: TokenStream, item: TokenStream) -> syn::Result<TokenStream> {
[0m[33m    |                    ^^^^ help: if this is intentional, prefix it with an underscore: `_args`
[0m[33m    |
[0m[33m    = note: `#[warn(unused_variables)]` (part of `#[warn(unused)]`) on by default
[0m[33m
[0m[33mwarning: unused variable: `item`
[0m[33m   --> /private/var/folders/82/r8klt12x7pq297ctrkkx3s200000gn/T/cargo-mutants-lid-rs-5pmirU.tmp/lid-rs-macros/src/expand.rs:154:39
[0m[33m    |
[0m[33m154 | pub fn foreign_key(args: TokenStream, item: TokenStream) -> syn::Result<TokenStream> {
[0m[33m    |                                       ^^^^ help: if this is intentional, prefix it with an underscore: `_item`
[0m[33m┈┈┈┈┈┈┈┈┈┈┈┈┈┈┈┈┈┈┈┈┈┈┈┈┈┈┈┈┈┈┈┈┈┈┈┈┈┈┈┈┈┈┈┈┈┈┈┈┈┈┈┈┈┈┈┈┈┈┈┈
[0m
test [0m[1mtests/ui/pass/renamed_use.rs[0m [should pass] ... [0m[32mok
[0m
[0m[1m[33mSTDERR:
[0m[33m┈┈┈┈┈┈┈┈┈┈┈┈┈┈┈┈┈┈┈┈┈┈┈┈┈┈┈┈┈┈┈┈┈┈┈┈┈┈┈┈┈┈┈┈┈┈┈┈┈┈┈┈┈┈┈┈┈┈┈┈
[0m[33mwarning: unused import: `LitStr`
[0m[33m  --> /private/var/folders/82/r8klt12x7pq297ctrkkx3s200000gn/T/cargo-mutants-lid-rs-5pmirU.tmp/lid-rs-macros/src/expand.rs:10:73
[0m[33m   |
[0m[33m10 |     Attribute, Data, DeriveInput, Fields, ItemEnum, ItemFn, ItemStruct, LitStr, Path, Token,
[0m[33m   |                                                                         ^^^^^^
[0m[33m   |
[0m[33m   = note: `#[warn(unused_imports)]` (part of `#[warn(unused)]`) on by default
[0m[33m
[0m[33mwarning: unused variable: `args`
[0m[33m   --> /private/var/folders/82/r8klt12x7pq297ctrkkx3s200000gn/T/cargo-mutants-lid-rs-5pmirU.tmp/lid-rs-macros/src/expand.rs:154:20
[0m[33m    |
[0m[33m154 | pub fn foreign_key(args: TokenStream, item: TokenStream) -> syn::Result<TokenStream> {
[0m[33m    |                    ^^^^ help: if this is intentional, prefix it with an underscore: `_args`
[0m[33m    |
[0m[33m    = note: `#[warn(unused_variables)]` (part of `#[warn(unused)]`) on by default
[0m[33m
[0m[33mwarning: unused variable: `item`
[0m[33m   --> /private/var/folders/82/r8klt12x7pq297ctrkkx3s200000gn/T/cargo-mutants-lid-rs-5pmirU.tmp/lid-rs-macros/src/expand.rs:154:39
[0m[33m    |
[0m[33m154 | pub fn foreign_key(args: TokenStream, item: TokenStream) -> syn::Result<TokenStream> {
[0m[33m    |                                       ^^^^ help: if this is intentional, prefix it with an underscore: `_item`
[0m[33m┈┈┈┈┈┈┈┈┈┈┈┈┈┈┈┈┈┈┈┈┈┈┈┈┈┈┈┈┈┈┈┈┈┈┈┈┈┈┈┈┈┈┈┈┈┈┈┈┈┈┈┈┈┈┈┈┈┈┈┈
[0m
test [0m[1mtests/ui/pass/retired_spec_definition.rs[0m [should pass] ... [0m[32mok
[0m
[0m[1m[33mSTDERR:
[0m[33m┈┈┈┈┈┈┈┈┈┈┈┈┈┈┈┈┈┈┈┈┈┈┈┈┈┈┈┈┈┈┈┈┈┈┈┈┈┈┈┈┈┈┈┈┈┈┈┈┈┈┈┈┈┈┈┈┈┈┈┈
[0m[33mwarning: unused import: `LitStr`
[0m[33m  --> /private/var/folders/82/r8klt12x7pq297ctrkkx3s200000gn/T/cargo-mutants-lid-rs-5pmirU.tmp/lid-rs-macros/src/expand.rs:10:73
[0m[33m   |
[0m[33m10 |     Attribute, Data, DeriveInput, Fields, ItemEnum, ItemFn, ItemStruct, LitStr, Path, Token,
[0m[33m   |                                                                         ^^^^^^
[0m[33m   |
[0m[33m   = note: `#[warn(unused_imports)]` (part of `#[warn(unused)]`) on by default
[0m[33m
[0m[33mwarning: unused variable: `args`
[0m[33m   --> /private/var/folders/82/r8klt12x7pq297ctrkkx3s200000gn/T/cargo-mutants-lid-rs-5pmirU.tmp/lid-rs-macros/src/expand.rs:154:20
[0m[33m    |
[0m[33m154 | pub fn foreign_key(args: TokenStream, item: TokenStream) -> syn::Result<TokenStream> {
[0m[33m    |                    ^^^^ help: if this is intentional, prefix it with an underscore: `_args`
[0m[33m    |
[0m[33m    = note: `#[warn(unused_variables)]` (part of `#[warn(unused)]`) on by default
[0m[33m
[0m[33mwarning: unused variable: `item`
[0m[33m   --> /private/var/folders/82/r8klt12x7pq297ctrkkx3s200000gn/T/cargo-mutants-lid-rs-5pmirU.tmp/lid-rs-macros/src/expand.rs:154:39
[0m[33m    |
[0m[33m154 | pub fn foreign_key(args: TokenStream, item: TokenStream) -> syn::Result<TokenStream> {
[0m[33m    |                                       ^^^^ help: if this is intentional, prefix it with an underscore: `_item`
[0m[33m┈┈┈┈┈┈┈┈┈┈┈┈┈┈┈┈┈┈┈┈┈┈┈┈┈┈┈┈┈┈┈┈┈┈┈┈┈┈┈┈┈┈┈┈┈┈┈┈┈┈┈┈┈┈┈┈┈┈┈┈
[0m
test [0m[1mtests/ui/pass/struct_enum_citation.rs[0m [should pass] ... [0m[32mok
[0m
[0m[1m[33mSTDERR:
[0m[33m┈┈┈┈┈┈┈┈┈┈┈┈┈┈┈┈┈┈┈┈┈┈┈┈┈┈┈┈┈┈┈┈┈┈┈┈┈┈┈┈┈┈┈┈┈┈┈┈┈┈┈┈┈┈┈┈┈┈┈┈
[0m[33mwarning: unused import: `LitStr`
[0m[33m  --> /private/var/folders/82/r8klt12x7pq297ctrkkx3s200000gn/T/cargo-mutants-lid-rs-5pmirU.tmp/lid-rs-macros/src/expand.rs:10:73
[0m[33m   |
[0m[33m10 |     Attribute, Data, DeriveInput, Fields, ItemEnum, ItemFn, ItemStruct, LitStr, Path, Token,
[0m[33m   |                                                                         ^^^^^^
[0m[33m   |
[0m[33m   = note: `#[warn(unused_imports)]` (part of `#[warn(unused)]`) on by default
[0m[33m
[0m[33mwarning: unused variable: `args`
[0m[33m   --> /private/var/folders/82/r8klt12x7pq297ctrkkx3s200000gn/T/cargo-mutants-lid-rs-5pmirU.tmp/lid-rs-macros/src/expand.rs:154:20
[0m[33m    |
[0m[33m154 | pub fn foreign_key(args: TokenStream, item: TokenStream) -> syn::Result<TokenStream> {
[0m[33m    |                    ^^^^ help: if this is intentional, prefix it with an underscore: `_args`
[0m[33m    |
[0m[33m    = note: `#[warn(unused_variables)]` (part of `#[warn(unused)]`) on by default
[0m[33m
[0m[33mwarning: unused variable: `item`
[0m[33m   --> /private/var/folders/82/r8klt12x7pq297ctrkkx3s200000gn/T/cargo-mutants-lid-rs-5pmirU.tmp/lid-rs-macros/src/expand.rs:154:39
[0m[33m    |
[0m[33m154 | pub fn foreign_key(args: TokenStream, item: TokenStream) -> syn::Result<TokenStream> {
[0m[33m    |                                       ^^^^ help: if this is intentional, prefix it with an underscore: `_item`
[0m[33m┈┈┈┈┈┈┈┈┈┈┈┈┈┈┈┈┈┈┈┈┈┈┈┈┈┈┈┈┈┈┈┈┈┈┈┈┈┈┈┈┈┈┈┈┈┈┈┈┈┈┈┈┈┈┈┈┈┈┈┈
[0m
test [0m[1mtests/ui/pass/validates_with_test.rs[0m [should pass] ... [0m[32mok
[0m
[0m[1m[33mSTDERR:
[0m[33m┈┈┈┈┈┈┈┈┈┈┈┈┈┈┈┈┈┈┈┈┈┈┈┈┈┈┈┈┈┈┈┈┈┈┈┈┈┈┈┈┈┈┈┈┈┈┈┈┈┈┈┈┈┈┈┈┈┈┈┈
[0m[33mwarning: unused import: `LitStr`
[0m[33m  --> /private/var/folders/82/r8klt12x7pq297ctrkkx3s200000gn/T/cargo-mutants-lid-rs-5pmirU.tmp/lid-rs-macros/src/expand.rs:10:73
[0m[33m   |
[0m[33m10 |     Attribute, Data, DeriveInput, Fields, ItemEnum, ItemFn, ItemStruct, LitStr, Path, Token,
[0m[33m   |                                                                         ^^^^^^
[0m[33m   |
[0m[33m   = note: `#[warn(unused_imports)]` (part of `#[warn(unused)]`) on by default
[0m[33m
[0m[33mwarning: unused variable: `args`
[0m[33m   --> /private/var/folders/82/r8klt12x7pq297ctrkkx3s200000gn/T/cargo-mutants-lid-rs-5pmirU.tmp/lid-rs-macros/src/expand.rs:154:20
[0m[33m    |
[0m[33m154 | pub fn foreign_key(args: TokenStream, item: TokenStream) -> syn::Result<TokenStream> {
[0m[33m    |                    ^^^^ help: if this is intentional, prefix it with an underscore: `_args`
[0m[33m    |
[0m[33m    = note: `#[warn(unused_variables)]` (part of `#[warn(unused)]`) on by default
[0m[33m
[0m[33mwarning: unused variable: `item`
[0m[33m   --> /private/var/folders/82/r8klt12x7pq297ctrkkx3s200000gn/T/cargo-mutants-lid-rs-5pmirU.tmp/lid-rs-macros/src/expand.rs:154:39
[0m[33m    |
[0m[33m154 | pub fn foreign_key(args: TokenStream, item: TokenStream) -> syn::Result<TokenStream> {
[0m[33m    |                                       ^^^^ help: if this is intentional, prefix it with an underscore: `_item`
[0m[33m┈┈┈┈┈┈┈┈┈┈┈┈┈┈┈┈┈┈┈┈┈┈┈┈┈┈┈┈┈┈┈┈┈┈┈┈┈┈┈┈┈┈┈┈┈┈┈┈┈┈┈┈┈┈┈┈┈┈┈┈
[0m


test spec::tests::malformed_citations_fail_to_compile ... FAILED

failures:

---- spec::tests::malformed_citations_fail_to_compile stdout ----

thread 'spec::tests::malformed_citations_fail_to_compile' (8656664) panicked at /Users/brad/.cargo/registry/src/index.crates.io-1949cf8c6b5b557f/trybuild-1.0.120/src/run.rs:103:13:
1 of 12 tests failed
note: run with `RUST_BACKTRACE=1` environment variable to display a backtrace


failures:
    spec::tests::malformed_citations_fail_to_compile

test result: FAILED. 17 passed; 1 failed; 0 ignored; 0 measured; 0 filtered out; finished in 2.58s

error: test failed, to rerun pass `-p lid-rs --lib`

*** result: Failure(101)
